BEGIN:VCALENDAR
VERSION:2.0
CALSCALE:GREGORIAN
PRODID:adamgibbons/ics
METHOD:PUBLISH
X-WR-CALNAME:Livingston NJ School Calendar
X-PUBLISHED-TTL:PT1H
BEGIN:VEVENT
UID:professional-development-days-no-students-2025-08-25@livingston-schools
SUMMARY:Professional Development Days - No Students
DTSTAMP:20260322T193256Z
DTSTART;VALUE=DATE:20250825
DTEND;VALUE=DATE:20250827
DESCRIPTION:https://livingston-nj-school-calendar.com/#2025-08-25
URL:https://livingston-nj-school-calendar.com/#2025-08-25
CATEGORIES:no-school
END:VEVENT
BEGIN:VEVENT
UID:first-day-of-school-2025-08-27@livingston-schools
SUMMARY:First Day of School
DTSTAMP:20260322T193256Z
DTSTART;VALUE=DATE:20250827
DTEND;VALUE=DATE:20250828
DESCRIPTION:https://livingston-nj-school-calendar.com/#2025-08-27
URL:https://livingston-nj-school-calendar.com/#2025-08-27
CATEGORIES:first-day
END:VEVENT
BEGIN:VEVENT
UID:early-dismissal-labor-day-weekend-2025-08-29@livingston-schools
SUMMARY:Early Dismissal - Labor Day Weekend
DTSTAMP:20260322T193256Z
DTSTART;VALUE=DATE:20250829
DTEND;VALUE=DATE:20250830
DESCRIPTION:https://livingston-nj-school-calendar.com/#2025-08-29
URL:https://livingston-nj-school-calendar.com/#2025-08-29
CATEGORIES:early-dismissal
END:VEVENT
BEGIN:VEVENT
UID:labor-day-district-closed-2025-09-01@livingston-schools
SUMMARY:Labor Day - District Closed
DTSTAMP:20260322T193256Z
DTSTART;VALUE=DATE:20250901
DTEND;VALUE=DATE:20250902
DESCRIPTION:https://livingston-nj-school-calendar.com/#2025-09-01
URL:https://livingston-nj-school-calendar.com/#2025-09-01
CATEGORIES:holiday
END:VEVENT
BEGIN:VEVENT
UID:rosh-hashanah-district-closed-2025-09-23@livingston-schools
SUMMARY:Rosh Hashanah - District Closed
DTSTAMP:20260322T193256Z
DTSTART;VALUE=DATE:20250923
DTEND;VALUE=DATE:20250925
DESCRIPTION:https://livingston-nj-school-calendar.com/#2025-09-23
URL:https://livingston-nj-school-calendar.com/#2025-09-23
CATEGORIES:holiday
END:VEVENT
BEGIN:VEVENT
UID:yom-kippur-district-closed-2025-10-02@livingston-schools
SUMMARY:Yom Kippur - District Closed
DTSTAMP:20260322T193256Z
DTSTART;VALUE=DATE:20251002
DTEND;VALUE=DATE:20251003
DESCRIPTION:https://livingston-nj-school-calendar.com/#2025-10-02
URL:https://livingston-nj-school-calendar.com/#2025-10-02
CATEGORIES:holiday
END:VEVENT
BEGIN:VEVENT
UID:columbus-day-no-school-2025-10-13@livingston-schools
SUMMARY:Columbus Day - No School
DTSTAMP:20260322T193256Z
DTSTART;VALUE=DATE:20251013
DTEND;VALUE=DATE:20251014
DESCRIPTION:No school for students\; PD staff day\n\nhttps://livingston-nj-
	school-calendar.com/#2025-10-13
URL:https://livingston-nj-school-calendar.com/#2025-10-13
CATEGORIES:no-school
END:VEVENT
BEGIN:VEVENT
UID:diwali-district-closed-2025-10-20@livingston-schools
SUMMARY:Diwali - District Closed
DTSTAMP:20260322T193256Z
DTSTART;VALUE=DATE:20251020
DTEND;VALUE=DATE:20251021
DESCRIPTION:https://livingston-nj-school-calendar.com/#2025-10-20
URL:https://livingston-nj-school-calendar.com/#2025-10-20
CATEGORIES:holiday
END:VEVENT
BEGIN:VEVENT
UID:parent-teacher-conferences-early-dismissal-elementary-2025-11-03@living
	ston-schools
SUMMARY:Parent/Teacher Conferences - Early Dismissal (Elementary)
DTSTAMP:20260322T193256Z
DTSTART;VALUE=DATE:20251103
DTEND;VALUE=DATE:20251106
DESCRIPTION:Early dismissal for elementary students\n\nhttps://livingston-n
	j-school-calendar.com/#2025-11-03
URL:https://livingston-nj-school-calendar.com/#2025-11-03
CATEGORIES:early-dismissal
END:VEVENT
BEGIN:VEVENT
UID:njea-convention-district-closed-2025-11-06@livingston-schools
SUMMARY:NJEA Convention - District Closed
DTSTAMP:20260322T193256Z
DTSTART;VALUE=DATE:20251106
DTEND;VALUE=DATE:20251108
DESCRIPTION:https://livingston-nj-school-calendar.com/#2025-11-06
URL:https://livingston-nj-school-calendar.com/#2025-11-06
CATEGORIES:no-school
END:VEVENT
BEGIN:VEVENT
UID:early-dismissal-for-all-2025-11-26@livingston-schools
SUMMARY:Early Dismissal for All
DTSTAMP:20260322T193256Z
DTSTART;VALUE=DATE:20251126
DTEND;VALUE=DATE:20251127
DESCRIPTION:https://livingston-nj-school-calendar.com/#2025-11-26
URL:https://livingston-nj-school-calendar.com/#2025-11-26
CATEGORIES:early-dismissal
END:VEVENT
BEGIN:VEVENT
UID:thanksgiving-recess-district-closed-2025-11-27@livingston-schools
SUMMARY:Thanksgiving Recess - District Closed
DTSTAMP:20260322T193256Z
DTSTART;VALUE=DATE:20251127
DTEND;VALUE=DATE:20251129
DESCRIPTION:https://livingston-nj-school-calendar.com/#2025-11-27
URL:https://livingston-nj-school-calendar.com/#2025-11-27
CATEGORIES:break
END:VEVENT
BEGIN:VEVENT
UID:delayed-opening-2025-12-01@livingston-schools
SUMMARY:Delayed Opening
DTSTAMP:20260322T193256Z
DTSTART;VALUE=DATE:20251201
DTEND;VALUE=DATE:20251202
DESCRIPTION:Delayed opening for students\; PD staff\n\nhttps://livingston-n
	j-school-calendar.com/#2025-12-01
URL:https://livingston-nj-school-calendar.com/#2025-12-01
CATEGORIES:school
END:VEVENT
BEGIN:VEVENT
UID:early-dismissal-for-all-2025-12-23@livingston-schools
SUMMARY:Early Dismissal for All
DTSTAMP:20260322T193256Z
DTSTART;VALUE=DATE:20251223
DTEND;VALUE=DATE:20251224
DESCRIPTION:https://livingston-nj-school-calendar.com/#2025-12-23
URL:https://livingston-nj-school-calendar.com/#2025-12-23
CATEGORIES:early-dismissal
END:VEVENT
BEGIN:VEVENT
UID:winter-recess-district-closed-2025-12-24@livingston-schools
SUMMARY:Winter Recess - District Closed
DTSTAMP:20260322T193256Z
DTSTART;VALUE=DATE:20251224
DTEND;VALUE=DATE:20260101
DESCRIPTION:https://livingston-nj-school-calendar.com/#2025-12-24
URL:https://livingston-nj-school-calendar.com/#2025-12-24
CATEGORIES:break
END:VEVENT
BEGIN:VEVENT
UID:new-year-s-day-district-closed-2026-01-01@livingston-schools
SUMMARY:New Year's Day - District Closed
DTSTAMP:20260322T193256Z
DTSTART;VALUE=DATE:20260101
DTEND;VALUE=DATE:20260102
DESCRIPTION:https://livingston-nj-school-calendar.com/#2026-01-01
URL:https://livingston-nj-school-calendar.com/#2026-01-01
CATEGORIES:holiday
END:VEVENT
BEGIN:VEVENT
UID:mlk-jr-day-district-closed-2026-01-19@livingston-schools
SUMMARY:MLK Jr. Day - District Closed
DTSTAMP:20260322T193256Z
DTSTART;VALUE=DATE:20260119
DTEND;VALUE=DATE:20260120
DESCRIPTION:https://livingston-nj-school-calendar.com/#2026-01-19
URL:https://livingston-nj-school-calendar.com/#2026-01-19
CATEGORIES:holiday
END:VEVENT
BEGIN:VEVENT
UID:delayed-opening-2026-01-20@livingston-schools
SUMMARY:Delayed Opening
DTSTAMP:20260322T193256Z
DTSTART;VALUE=DATE:20260120
DTEND;VALUE=DATE:20260121
DESCRIPTION:Delayed opening for students\; PD staff\n\nhttps://livingston-n
	j-school-calendar.com/#2026-01-20
URL:https://livingston-nj-school-calendar.com/#2026-01-20
CATEGORIES:school
END:VEVENT
BEGIN:VEVENT
UID:partial-day-semester-change-lhs-only-2026-01-27@livingston-schools
SUMMARY:Partial Day - Semester Change (LHS Only)
DTSTAMP:20260322T193256Z
DTSTART;VALUE=DATE:20260127
DTEND;VALUE=DATE:20260128
DESCRIPTION:Partial day for LHS only - Semester Change\n\nhttps://livingsto
	n-nj-school-calendar.com/#2026-01-27
URL:https://livingston-nj-school-calendar.com/#2026-01-27
CATEGORIES:early-dismissal
END:VEVENT
BEGIN:VEVENT
UID:presidents-day-district-closed-2026-02-16@livingston-schools
SUMMARY:Presidents Day - District Closed
DTSTAMP:20260322T193256Z
DTSTART;VALUE=DATE:20260216
DTEND;VALUE=DATE:20260217
DESCRIPTION:https://livingston-nj-school-calendar.com/#2026-02-16
URL:https://livingston-nj-school-calendar.com/#2026-02-16
CATEGORIES:holiday
END:VEVENT
BEGIN:VEVENT
UID:lunar-new-year-district-closed-2026-02-17@livingston-schools
SUMMARY:Lunar New Year - District Closed
DTSTAMP:20260322T193256Z
DTSTART;VALUE=DATE:20260217
DTEND;VALUE=DATE:20260218
DESCRIPTION:https://livingston-nj-school-calendar.com/#2026-02-17
URL:https://livingston-nj-school-calendar.com/#2026-02-17
CATEGORIES:holiday
END:VEVENT
BEGIN:VEVENT
UID:february-break-schools-closed-2026-02-18@livingston-schools
SUMMARY:February Break - Schools Closed
DTSTAMP:20260322T193256Z
DTSTART;VALUE=DATE:20260218
DTEND;VALUE=DATE:20260221
DESCRIPTION:https://livingston-nj-school-calendar.com/#2026-02-18
URL:https://livingston-nj-school-calendar.com/#2026-02-18
CATEGORIES:break
END:VEVENT
BEGIN:VEVENT
UID:delayed-opening-2026-02-23@livingston-schools
SUMMARY:Delayed Opening
DTSTAMP:20260322T193256Z
DTSTART;VALUE=DATE:20260223
DTEND;VALUE=DATE:20260224
DESCRIPTION:Delayed opening for students\; PD staff\n\nhttps://livingston-n
	j-school-calendar.com/#2026-02-23
URL:https://livingston-nj-school-calendar.com/#2026-02-23
CATEGORIES:school
END:VEVENT
BEGIN:VEVENT
UID:parent-teacher-conferences-early-dismissal-elementary-2026-03-04@living
	ston-schools
SUMMARY:Parent/Teacher Conferences - Early Dismissal (Elementary)
DTSTAMP:20260322T193256Z
DTSTART;VALUE=DATE:20260304
DTEND;VALUE=DATE:20260307
DESCRIPTION:Early dismissal for elementary students\n\nhttps://livingston-n
	j-school-calendar.com/#2026-03-04
URL:https://livingston-nj-school-calendar.com/#2026-03-04
CATEGORIES:early-dismissal
END:VEVENT
BEGIN:VEVENT
UID:early-dismissal-for-students-2026-03-19@livingston-schools
SUMMARY:Early Dismissal for Students
DTSTAMP:20260322T193256Z
DTSTART;VALUE=DATE:20260319
DTEND;VALUE=DATE:20260320
DESCRIPTION:Early dismissal students\; PD staff\n\nhttps://livingston-nj-sc
	hool-calendar.com/#2026-03-19
URL:https://livingston-nj-school-calendar.com/#2026-03-19
CATEGORIES:early-dismissal
END:VEVENT
BEGIN:VEVENT
UID:eid-district-closed-2026-03-20@livingston-schools
SUMMARY:Eid - District Closed
DTSTAMP:20260322T193256Z
DTSTART;VALUE=DATE:20260320
DTEND;VALUE=DATE:20260321
DESCRIPTION:https://livingston-nj-school-calendar.com/#2026-03-20
URL:https://livingston-nj-school-calendar.com/#2026-03-20
CATEGORIES:holiday
END:VEVENT
BEGIN:VEVENT
UID:school-day-snow-day-makeup-2026-03-30@livingston-schools
SUMMARY:School Day - Snow Day Makeup
DTSTAMP:20260322T193256Z
DTSTART;VALUE=DATE:20260330
DTEND;VALUE=DATE:20260331
DESCRIPTION:Originally part of Spring Recess\; converted to school day due 
	to additional snow day\n\nhttps://livingston-nj-school-calendar.com/#2026-
	03-30
URL:https://livingston-nj-school-calendar.com/#2026-03-30
CATEGORIES:school
END:VEVENT
BEGIN:VEVENT
UID:spring-recess-schools-closed-2026-03-31@livingston-schools
SUMMARY:Spring Recess - Schools Closed
DTSTAMP:20260322T193256Z
DTSTART;VALUE=DATE:20260331
DTEND;VALUE=DATE:20260403
DESCRIPTION:Inclement weather makeup days taken in this window first (Mar 3
	1\, Apr 1)\n\nhttps://livingston-nj-school-calendar.com/#2026-03-31
URL:https://livingston-nj-school-calendar.com/#2026-03-31
CATEGORIES:break
END:VEVENT
BEGIN:VEVENT
UID:good-friday-district-closed-2026-04-03@livingston-schools
SUMMARY:Good Friday - District Closed
DTSTAMP:20260322T193256Z
DTSTART;VALUE=DATE:20260403
DTEND;VALUE=DATE:20260404
DESCRIPTION:https://livingston-nj-school-calendar.com/#2026-04-03
URL:https://livingston-nj-school-calendar.com/#2026-04-03
CATEGORIES:holiday
END:VEVENT
BEGIN:VEVENT
UID:memorial-day-district-closed-2026-05-25@livingston-schools
SUMMARY:Memorial Day - District Closed
DTSTAMP:20260322T193256Z
DTSTART;VALUE=DATE:20260525
DTEND;VALUE=DATE:20260526
DESCRIPTION:https://livingston-nj-school-calendar.com/#2026-05-25
URL:https://livingston-nj-school-calendar.com/#2026-05-25
CATEGORIES:holiday
END:VEVENT
BEGIN:VEVENT
UID:early-dismissal-for-students-2026-06-16@livingston-schools
SUMMARY:Early Dismissal for Students
DTSTAMP:20260322T193256Z
DTSTART;VALUE=DATE:20260616
DTEND;VALUE=DATE:20260619
DESCRIPTION:https://livingston-nj-school-calendar.com/#2026-06-16
URL:https://livingston-nj-school-calendar.com/#2026-06-16
CATEGORIES:early-dismissal
END:VEVENT
BEGIN:VEVENT
UID:last-day-of-school-graduation-2026-06-18@livingston-schools
SUMMARY:Last Day of School / Graduation
DTSTAMP:20260322T193256Z
DTSTART;VALUE=DATE:20260618
DTEND;VALUE=DATE:20260619
DESCRIPTION:https://livingston-nj-school-calendar.com/#2026-06-18
URL:https://livingston-nj-school-calendar.com/#2026-06-18
CATEGORIES:last-day
END:VEVENT
BEGIN:VEVENT
UID:juneteenth-district-closed-2026-06-19@livingston-schools
SUMMARY:Juneteenth - District Closed
DTSTAMP:20260322T193256Z
DTSTART;VALUE=DATE:20260619
DTEND;VALUE=DATE:20260620
DESCRIPTION:https://livingston-nj-school-calendar.com/#2026-06-19
URL:https://livingston-nj-school-calendar.com/#2026-06-19
CATEGORIES:holiday
END:VEVENT
BEGIN:VEVENT
UID:professional-development-days-2026-08-26@livingston-schools
SUMMARY:Professional Development Days
DTSTAMP:20260322T193256Z
DTSTART;VALUE=DATE:20260826
DTEND;VALUE=DATE:20260828
DESCRIPTION:https://livingston-nj-school-calendar.com/#2026-08-26
URL:https://livingston-nj-school-calendar.com/#2026-08-26
CATEGORIES:no-school
END:VEVENT
BEGIN:VEVENT
UID:first-day-for-students-2026-08-31@livingston-schools
SUMMARY:First Day for Students
DTSTAMP:20260322T193256Z
DTSTART;VALUE=DATE:20260831
DTEND;VALUE=DATE:20260901
DESCRIPTION:https://livingston-nj-school-calendar.com/#2026-08-31
URL:https://livingston-nj-school-calendar.com/#2026-08-31
CATEGORIES:first-day
END:VEVENT
BEGIN:VEVENT
UID:labor-day-early-dismissal-2026-09-04@livingston-schools
SUMMARY:Labor Day - Early Dismissal
DTSTAMP:20260322T193256Z
DTSTART;VALUE=DATE:20260904
DTEND;VALUE=DATE:20260905
DESCRIPTION:https://livingston-nj-school-calendar.com/#2026-09-04
URL:https://livingston-nj-school-calendar.com/#2026-09-04
CATEGORIES:early-dismissal
END:VEVENT
BEGIN:VEVENT
UID:labor-day-district-closed-2026-09-07@livingston-schools
SUMMARY:Labor Day - District Closed
DTSTAMP:20260322T193256Z
DTSTART;VALUE=DATE:20260907
DTEND;VALUE=DATE:20260908
DESCRIPTION:https://livingston-nj-school-calendar.com/#2026-09-07
URL:https://livingston-nj-school-calendar.com/#2026-09-07
CATEGORIES:holiday
END:VEVENT
BEGIN:VEVENT
UID:yom-kippur-district-closed-2026-09-21@livingston-schools
SUMMARY:Yom Kippur - District Closed
DTSTAMP:20260322T193256Z
DTSTART;VALUE=DATE:20260921
DTEND;VALUE=DATE:20260922
DESCRIPTION:https://livingston-nj-school-calendar.com/#2026-09-21
URL:https://livingston-nj-school-calendar.com/#2026-09-21
CATEGORIES:holiday
END:VEVENT
BEGIN:VEVENT
UID:delayed-opening-for-students-staff-pd-2026-09-22@livingston-schools
SUMMARY:Delayed Opening for Students/Staff PD
DTSTAMP:20260322T193256Z
DTSTART;VALUE=DATE:20260922
DTEND;VALUE=DATE:20260923
DESCRIPTION:Delayed opening\n\nhttps://livingston-nj-school-calendar.com/#2
	026-09-22
URL:https://livingston-nj-school-calendar.com/#2026-09-22
CATEGORIES:school
END:VEVENT
BEGIN:VEVENT
UID:columbus-day-no-school-for-students-2026-10-12@livingston-schools
SUMMARY:Columbus Day - No School for Students
DTSTAMP:20260322T193256Z
DTSTART;VALUE=DATE:20261012
DTEND;VALUE=DATE:20261013
DESCRIPTION:https://livingston-nj-school-calendar.com/#2026-10-12
URL:https://livingston-nj-school-calendar.com/#2026-10-12
CATEGORIES:no-school
END:VEVENT
BEGIN:VEVENT
UID:parent-teacher-conferences-early-dismissal-elem-2026-11-02@livingston-s
	chools
SUMMARY:Parent/Teacher Conferences - Early Dismissal Elem
DTSTAMP:20260322T193256Z
DTSTART;VALUE=DATE:20261102
DTEND;VALUE=DATE:20261105
DESCRIPTION:https://livingston-nj-school-calendar.com/#2026-11-02
URL:https://livingston-nj-school-calendar.com/#2026-11-02
CATEGORIES:early-dismissal
END:VEVENT
BEGIN:VEVENT
UID:njea-convention-no-school-2026-11-05@livingston-schools
SUMMARY:NJEA Convention - No School
DTSTAMP:20260322T193256Z
DTSTART;VALUE=DATE:20261105
DTEND;VALUE=DATE:20261107
DESCRIPTION:https://livingston-nj-school-calendar.com/#2026-11-05
URL:https://livingston-nj-school-calendar.com/#2026-11-05
CATEGORIES:no-school
END:VEVENT
BEGIN:VEVENT
UID:early-dismissal-for-all-2026-11-11@livingston-schools
SUMMARY:Early Dismissal for All
DTSTAMP:20260322T193256Z
DTSTART;VALUE=DATE:20261111
DTEND;VALUE=DATE:20261112
DESCRIPTION:https://livingston-nj-school-calendar.com/#2026-11-11
URL:https://livingston-nj-school-calendar.com/#2026-11-11
CATEGORIES:early-dismissal
END:VEVENT
BEGIN:VEVENT
UID:thanksgiving-recess-district-closed-2026-11-26@livingston-schools
SUMMARY:Thanksgiving Recess - District Closed
DTSTAMP:20260322T193256Z
DTSTART;VALUE=DATE:20261126
DTEND;VALUE=DATE:20261128
DESCRIPTION:https://livingston-nj-school-calendar.com/#2026-11-26
URL:https://livingston-nj-school-calendar.com/#2026-11-26
CATEGORIES:break
END:VEVENT
BEGIN:VEVENT
UID:delayed-opening-for-students-staff-pd-2026-11-30@livingston-schools
SUMMARY:Delayed Opening for Students/Staff PD
DTSTAMP:20260322T193256Z
DTSTART;VALUE=DATE:20261130
DTEND;VALUE=DATE:20261201
DESCRIPTION:Delayed opening\n\nhttps://livingston-nj-school-calendar.com/#2
	026-11-30
URL:https://livingston-nj-school-calendar.com/#2026-11-30
CATEGORIES:school
END:VEVENT
BEGIN:VEVENT
UID:early-dismissal-for-all-2026-12-23@livingston-schools
SUMMARY:Early Dismissal for All
DTSTAMP:20260322T193256Z
DTSTART;VALUE=DATE:20261223
DTEND;VALUE=DATE:20261224
DESCRIPTION:https://livingston-nj-school-calendar.com/#2026-12-23
URL:https://livingston-nj-school-calendar.com/#2026-12-23
CATEGORIES:early-dismissal
END:VEVENT
BEGIN:VEVENT
UID:winter-recess-district-closed-2026-12-24@livingston-schools
SUMMARY:Winter Recess - District Closed
DTSTAMP:20260322T193256Z
DTSTART;VALUE=DATE:20261224
DTEND;VALUE=DATE:20270101
DESCRIPTION:https://livingston-nj-school-calendar.com/#2026-12-24
URL:https://livingston-nj-school-calendar.com/#2026-12-24
CATEGORIES:break
END:VEVENT
BEGIN:VEVENT
UID:new-years-day-district-closed-2027-01-01@livingston-schools
SUMMARY:New Years Day - District Closed
DTSTAMP:20260322T193256Z
DTSTART;VALUE=DATE:20270101
DTEND;VALUE=DATE:20270102
DESCRIPTION:https://livingston-nj-school-calendar.com/#2027-01-01
URL:https://livingston-nj-school-calendar.com/#2027-01-01
CATEGORIES:holiday
END:VEVENT
BEGIN:VEVENT
UID:mlk-jr-day-district-closed-2027-01-18@livingston-schools
SUMMARY:MLK Jr. Day - District Closed
DTSTAMP:20260322T193256Z
DTSTART;VALUE=DATE:20270118
DTEND;VALUE=DATE:20270119
DESCRIPTION:https://livingston-nj-school-calendar.com/#2027-01-18
URL:https://livingston-nj-school-calendar.com/#2027-01-18
CATEGORIES:holiday
END:VEVENT
BEGIN:VEVENT
UID:delayed-opening-for-students-staff-pd-2027-01-19@livingston-schools
SUMMARY:Delayed Opening for Students/Staff PD
DTSTAMP:20260322T193256Z
DTSTART;VALUE=DATE:20270119
DTEND;VALUE=DATE:20270120
DESCRIPTION:Delayed opening\n\nhttps://livingston-nj-school-calendar.com/#2
	027-01-19
URL:https://livingston-nj-school-calendar.com/#2027-01-19
CATEGORIES:school
END:VEVENT
BEGIN:VEVENT
UID:early-dismissal-lhs-only-semester-chg-2027-01-25@livingston-schools
SUMMARY:Early Dismissal LHS Only - Semester Chg
DTSTAMP:20260322T193256Z
DTSTART;VALUE=DATE:20270125
DTEND;VALUE=DATE:20270126
DESCRIPTION:https://livingston-nj-school-calendar.com/#2027-01-25
URL:https://livingston-nj-school-calendar.com/#2027-01-25
CATEGORIES:early-dismissal
END:VEVENT
BEGIN:VEVENT
UID:presidents-day-district-closed-2027-02-15@livingston-schools
SUMMARY:Presidents Day - District Closed
DTSTAMP:20260322T193256Z
DTSTART;VALUE=DATE:20270215
DTEND;VALUE=DATE:20270216
DESCRIPTION:https://livingston-nj-school-calendar.com/#2027-02-15
URL:https://livingston-nj-school-calendar.com/#2027-02-15
CATEGORIES:holiday
END:VEVENT
BEGIN:VEVENT
UID:february-break-schools-closed-2027-02-16@livingston-schools
SUMMARY:February Break - Schools Closed
DTSTAMP:20260322T193256Z
DTSTART;VALUE=DATE:20270216
DTEND;VALUE=DATE:20270220
DESCRIPTION:https://livingston-nj-school-calendar.com/#2027-02-16
URL:https://livingston-nj-school-calendar.com/#2027-02-16
CATEGORIES:break
END:VEVENT
BEGIN:VEVENT
UID:parent-teacher-conferences-early-dismissal-elem-2027-03-01@livingston-s
	chools
SUMMARY:Parent/Teacher Conferences - Early Dismissal Elem
DTSTAMP:20260322T193256Z
DTSTART;VALUE=DATE:20270301
DTEND;VALUE=DATE:20270306
DESCRIPTION:https://livingston-nj-school-calendar.com/#2027-03-01
URL:https://livingston-nj-school-calendar.com/#2027-03-01
CATEGORIES:early-dismissal
END:VEVENT
BEGIN:VEVENT
UID:early-dismissal-for-students-staff-pd-2027-03-09@livingston-schools
SUMMARY:Early Dismissal for Students/Staff PD
DTSTAMP:20260322T193256Z
DTSTART;VALUE=DATE:20270309
DTEND;VALUE=DATE:20270310
DESCRIPTION:https://livingston-nj-school-calendar.com/#2027-03-09
URL:https://livingston-nj-school-calendar.com/#2027-03-09
CATEGORIES:early-dismissal
END:VEVENT
BEGIN:VEVENT
UID:eid-district-closed-2027-03-10@livingston-schools
SUMMARY:EID - District Closed
DTSTAMP:20260322T193256Z
DTSTART;VALUE=DATE:20270310
DTEND;VALUE=DATE:20270311
DESCRIPTION:https://livingston-nj-school-calendar.com/#2027-03-10
URL:https://livingston-nj-school-calendar.com/#2027-03-10
CATEGORIES:holiday
END:VEVENT
BEGIN:VEVENT
UID:good-friday-district-closed-2027-03-26@livingston-schools
SUMMARY:Good Friday - District Closed
DTSTAMP:20260322T193256Z
DTSTART;VALUE=DATE:20270326
DTEND;VALUE=DATE:20270327
DESCRIPTION:https://livingston-nj-school-calendar.com/#2027-03-26
URL:https://livingston-nj-school-calendar.com/#2027-03-26
CATEGORIES:holiday
END:VEVENT
BEGIN:VEVENT
UID:spring-recess-schools-closed-2027-04-19@livingston-schools
SUMMARY:Spring Recess - Schools Closed
DTSTAMP:20260322T193256Z
DTSTART;VALUE=DATE:20270419
DTEND;VALUE=DATE:20270424
DESCRIPTION:https://livingston-nj-school-calendar.com/#2027-04-19
URL:https://livingston-nj-school-calendar.com/#2027-04-19
CATEGORIES:break
END:VEVENT
BEGIN:VEVENT
UID:memorial-day-district-closed-2027-05-31@livingston-schools
SUMMARY:Memorial Day - District Closed
DTSTAMP:20260322T193256Z
DTSTART;VALUE=DATE:20270531
DTEND;VALUE=DATE:20270601
DESCRIPTION:https://livingston-nj-school-calendar.com/#2027-05-31
URL:https://livingston-nj-school-calendar.com/#2027-05-31
CATEGORIES:holiday
END:VEVENT
BEGIN:VEVENT
UID:juneteenth-district-closed-2027-06-18@livingston-schools
SUMMARY:Juneteenth - District Closed
DTSTAMP:20260322T193256Z
DTSTART;VALUE=DATE:20270618
DTEND;VALUE=DATE:20270619
DESCRIPTION:https://livingston-nj-school-calendar.com/#2027-06-18
URL:https://livingston-nj-school-calendar.com/#2027-06-18
CATEGORIES:holiday
END:VEVENT
BEGIN:VEVENT
UID:early-dismissal-for-students-2027-06-21@livingston-schools
SUMMARY:Early Dismissal for Students
DTSTAMP:20260322T193256Z
DTSTART;VALUE=DATE:20270621
DTEND;VALUE=DATE:20270623
DESCRIPTION:https://livingston-nj-school-calendar.com/#2027-06-21
URL:https://livingston-nj-school-calendar.com/#2027-06-21
CATEGORIES:early-dismissal
END:VEVENT
BEGIN:VEVENT
UID:last-day-of-school-graduation-2027-06-22@livingston-schools
SUMMARY:Last Day of School/Graduation
DTSTAMP:20260322T193256Z
DTSTART;VALUE=DATE:20270622
DTEND;VALUE=DATE:20270623
DESCRIPTION:https://livingston-nj-school-calendar.com/#2027-06-22
URL:https://livingston-nj-school-calendar.com/#2027-06-22
CATEGORIES:last-day
END:VEVENT
END:VCALENDAR
